[36mvite v7.2.6 [32mbuilding client environment for production...[36m[39m
transforming...
[32mÔ£ô[39m 2499 modules transformed.
node.exe : [31mÔ£ù[39m Build 
failed in 4.72s
At C:\Program 
Files\nodejs\npx.ps1:29 char:3
+   & $NODE_EXE $NPX_CLI_JS 
$args
+   
~~~~~~~~~~~~~~~~~~~~~~~~~~~~~
    + CategoryInfo          :  
   NotSpecified: ([31mÔ£ù[3  
  9m Build failed in 4.72s:S   
 tring) [], RemoteException
    + FullyQualifiedErrorId :  
   NativeCommandError
 
[31merror during build:
[31mCould not resolve entry 
module 
"@radix-ui/react-switch".[31m
    at getRollupError (file:///
D:/Codes/Worship%20App/Psalmist
%20v1/node_modules/rollup/dist/
es/shared/parseAst.js:401:41)
    at error (file:///D:/Codes/
Worship%20App/Psalmist%20v1/nod
e_modules/rollup/dist/es/shared
/parseAst.js:397:42)
    at 
ModuleLoader.loadEntryModule (f
ile:///D:/Codes/Worship%20App/P
salmist%20v1/node_modules/rollu
p/dist/es/shared/node-entry.js:
21611:20)
    at async Promise.all 
(index 6)
    at async Promise.all 
(index 0)[39m
